first_class: [any_sexp] -> p(CHR)

n_classes: [any_sexp] -> c_int

names: [any_sexp] -> CHR | null

dim: [any_sexp] -> INT | null

levels: [any_sexp] -> CHR | null

dimnames: [any_sexp] -> list | null

row_names: [any_sexp] -> (CHR | INT) | null

set_class: [any_sexp] -> <myclass>

set_class_on_list: () -> { _0: null, _1: null }<myclass>

set_class_unknown: [any_sexp, any_sexp] -> attr_any

set_class_buildup: [any_sexp] -> <data.frame, tbl_df>

set_class_buildup_partial: [any_sexp] -> <a>

refined_class: [any_sexp] -> "myclass"

refined_class_length: [any_sexp] -> c_true

refined_class_first: [any_sexp] -> p(CHR)

dim_roundtrip_constructed: [any_sexp] -> INT

install_roundtrip_constructed: [any_sexp] -> "hello"

dim_roundtrip_arg: ∀'a. [any_sexp, any_sexp & 'a] -> 'a & (INT | null)

class_then_dim_keeps_class: [any_sexp] -> "myclass"

get_unset_attr: [any_sexp] -> INT | null

get_dynamic_attr: [any_sexp, any_sexp] -> any_sexp

set_attr_on_param_return_param: [any_sexp] -> any with { dim: INT, any }

set_class_on_param_return_param: [any_sexp] -> <myclass>

make_factor: () -> INT<factor> with { levels: CHR, any }

factor_levels: () -> CHR

named_list_names: () -> CHR

unnamed_list_names: () -> null

set_names_on_list: () -> { a: null, b: null }

set_names_then_get: () -> CHR

