r_plus_scalar_real: [DBL, DBL] -> DBL1

make_int_or_float: ([c_false] -> DBL) & ([c_int_na \ c_false] -> INT1)

incr_real: [DBL1] -> DBL1

test_int_or_real: ([DBL] -> c_false) & ([INT] -> c_true) & ([(~(DBL | INT))<...> | null | p(CHR) | sym] -> ())

test_isInt: ([INT] -> c_true) & ([(~INT)<...> | null | p(CHR) | sym] -> c_false)

test_isInt2: ([INT] -> c_true) & ([(~INT)<...> | null | p(CHR) | sym] -> c_false)

r_plus_scalar_strict: ([DBL, DBL] -> DBL1) & ([INT, INT] -> INT1)

r_plus_scalar: ([INT, INT] -> INT1) & ([DBL, DBL] | [DBL, INT] | [INT, DBL] -> DBL1)

r_plus_all: ([INT, INT] -> INT) & ([INT1, INT1] -> INT1) & ([DBL, DBL] | [DBL, INT] | [INT, DBL] -> DBL) & ([DBL1, DBL1] | [DBL1, INT1] | [INT1, DBL1] -> DBL1)

R_integer_plus: [c_int_na, c(..-1), *c_bool \ c_null] | [c_int_na, c(..-1), c_null] | [c_int_na, c(1..), *c_bool \ c_null] | [c_int_na, c(1..), c_null] | [c_int_na, c_int_na \ (c(..-1) | c(1..)), *c_bool] -> c_int_na

