isInteger2: ([INT] -> c_true) & ([((CHR | CLX | DBL | LGL | RAW) | env | externalptr | lang | list | arrow) | null | p(CHR) | sym] -> c_false)

isInteger3: ([INT] -> c_true) & ([((CHR | CLX | DBL | LGL | RAW) | env | externalptr | lang | list | arrow) | null | p(CHR) | sym] -> c_false)

checkList: ([list] -> c_true) & ([(env | externalptr | lang | vec | arrow) | null | p(CHR) | sym] -> c_false)

isVectorList: ∀'a. ([list] --> c_true) & ([(env | externalptr | lang | vec & v('a) | arrow) | null | p(CHR) | sym] --> c_false)

length2: ([null] -> c_false) & ([vec1] -> c_true) & ([p(CHR)] | [vec] -> c_int)

length3: ([CHR] | [CLX] | [DBL] | [INT] | [LGL] | [p(CHR)] | [raw] -> c_int) & ([CHR1] | [CLX1] | [DBL1] | [INT1] | [LGL1] | [raw1] | [(env | externalptr | lang | list | arrow) | null | sym] -> c_true)

